// Jest Snapshot v1, https://goo.gl/fbAQLP

exports[`NavItem matches the snapshot 1`] = `
<a
  className="navItem"
/>
`;

exports[`NavItem matches the snapshot on active 1`] = `
<a
  className="navItem isActive"
/>
`;

exports[`NavItem matches the snapshot on inverse 1`] = `
<a
  className="navItem inverse"
/>
`;
